
> insurance-trust-hub@1.0.0 check:th-search-r1-013
> tsx --tsconfig scripts/tsconfig.r13.json scripts/check-th-search-r1-013.ts

PASS known insurer source abbreviation stays a name
PASS agency name plus state retains name
PASS brand does not assume agency
PASS near me has executable ZIP refinement
PASS Boca requested location remains visible
PASS homeowners context retained as unresolved directory criterion
PASS appointed with invokes evidence
PASS address preserves its semantic jurisdiction
PASS NOT_ACQUIRED preserves class and state
PASS overlong cannot truncate to valid identity
PASS NPN exact preserved without class assumption
PASS NAIC exact stays insurer
PASS actual footer markup cannot nest links and remount first search
PASS exact NPN uses equality and source class, no profile
PASS spaced NPN full value
PASS exact miss no broadening and official action
PASS exact NAIC uses legal insurer fixture only
PASS NAIC miss cannot use agency name
PASS explicit agency class and source legal name evidence
PASS bare source agency name cannot become directory
PASS explicit legal insurer remains insurer
PASS ambiguous brand retains distinct classes and selection
PASS selected candidate revalidated original task and conditions
PASS tampered candidate not attached
PASS person name never becomes agency search
PASS public person exact identity has no profile
PASS usable ZIP refinement keeps product and original city
PASS credential FL applied before pagination independently of office
PASS address request cannot become FL credential cohort
PASS domicile remains distinct and unsupported
PASS LOA is not appointment or service area
PASS appointment requires actual source relationship, not LOA
PASS appointment missing target clarifies
PASS service territory no substitution
PASS NOT_ACQUIRED retains state class and relevant action
PASS native URL/API boundary same typed plan
PASS actual API route parity and invalid request status
PASS real renderer offers ZIP form and honest directory boundary
PASS real renderer candidate action carries original task
PASS structured natural identity equals native
PASS structured near-me cannot become source zero
PASS overlong full request never calls source
PASS duplicates and fractional page rejected
PASS NPN across classes remains distinct
PASS Marketplace requires resolved identity and does not assume person
PASS Marketplace observations preserve source class, not state credential status
PASS LOA issuer dataset must establish requested jurisdiction
PASS directory exact address predicate precedes limit; credential geography is irrelevant
PASS source outage is error, never zero
PASS safe pattern and no generic match
PASS cache distinguishes dimensions
PASS static official recovery allowlist
PASS unsupported filter/selection cannot bypass request validation
{ pass: 53, fail: 2 }
FAIL directory is never canonical graph rows AssertionError [ERR_ASSERTION]: Expected values to be strictly equal:

26 !== 25

FAIL structured directory retains handoff and context AssertionError [ERR_ASSERTION]: Expected values to be strictly equal:

2 !== 0
